
> empireamp@0.1.0 build
> next build

ظû▓ Next.js 16.2.1 (Turbopack)

node.exe : ظأب The 
"middleware" file 
convention is deprecated. 
Please use "proxy" 
instead. Learn more: https
://nextjs.org/docs/message
s/middleware-to-proxy
At line:1 char:1
+ & "C:\Program 
Files\nodejs/node.exe" 
"C:\Program 
Files\nodejs/node_mo ...
+ ~~~~~~~~~~~~~~~~~~~~~~~~
~~~~~~~~~~~~~~~~~~~~~~~~~~
~~~~~~~~~~~~~~~~~~~
    + CategoryInfo        
      : NotSpecified: (ظ  
  أب The "middle...lewa   
 re-to-proxy:String) [    
], RemoteException
    + FullyQualifiedError 
   Id : NativeCommandErr  
  or
 
  Creating an optimized production build ...

> Build error occurred
Error: Turbopack build 
failed with 8 errors:
./src/components/layout/Fo
oter.tsx:4:1
Export Facebook doesn't 
exist in target module
  [90m 2 |[0m
  [90m 3 |[0m 
[36mimport[0m { 
useTranslations } 
[36mfrom[0m 
[32m"next-intl"[0m;
[31m[1m>[0m [90m 4 
|[0m [36mimport[0m {
  [90m   |[0m 
[31m[1m^^^^^^^[0m
[31m[1m>[0m [90m 5 
|[0m   [33mFacebook[0m,
  [90m   |[0m 
[31m[1m^^^^^^^^^^^[0m
[31m[1m>[0m [90m 6 
|[0m   
[33mInstagram[0m,
  [90m   |[0m 
[31m[1m^^^^^^^^^^^^[0m
[31m[1m>[0m [90m 7 
|[0m   [33mTwitter[0m,
  [90m   |[0m 
[31m[1m^^^^^^^^^^[0m
[31m[1m>[0m [90m 8 
|[0m   [33mLinkedin[0m,
  [90m   |[0m 
[31m[1m^^^^^^^^^^^[0m
[31m[1m>[0m [90m 9 
|[0m   
[33mArrowUpRight[0m,
  [90m   |[0m [31m[1m^
^^^^^^^^^^^^^^[0m
[31m[1m>[0m [90m10 
|[0m } [36mfrom[0m 
[32m"lucide-react"[0m;
  [90m   |[0m [31m[1m^
^^^^^^^^^^^^^^^^^^^^^[0m
  [90m11 |[0m
  [90m12 |[0m 
[36mconst[0m 
socialLinks = [
  [90m13 |[0m   {

The export Facebook was 
not found in module [proje
ct]/node_modules/lucide-re
act/dist/esm/lucide-react.
js [app-client] 
(ecmascript).
Did you mean to import 
Webhook?
All exports of the module 
are statically known (It 
doesn't have dynamic 
exports). So it's known 
statically that the 
requested export doesn't 
exist.

Import trace:
  Server Component:
    ./src/components/layou
t/Footer.tsx
    ./src/app/[locale]/lay
out.tsx


./src/components/layout/Fo
oter.tsx:4:1
Export Facebook doesn't 
exist in target module
  [90m 2 |[0m
  [90m 3 |[0m 
[36mimport[0m { 
useTranslations } 
[36mfrom[0m 
[32m"next-intl"[0m;
[31m[1m>[0m [90m 4 
|[0m [36mimport[0m {
  [90m   |[0m 
[31m[1m^^^^^^^[0m
[31m[1m>[0m [90m 5 
|[0m   [33mFacebook[0m,
  [90m   |[0m 
[31m[1m^^^^^^^^^^^[0m
[31m[1m>[0m [90m 6 
|[0m   
[33mInstagram[0m,
  [90m   |[0m 
[31m[1m^^^^^^^^^^^^[0m
[31m[1m>[0m [90m 7 
|[0m   [33mTwitter[0m,
  [90m   |[0m 
[31m[1m^^^^^^^^^^[0m
[31m[1m>[0m [90m 8 
|[0m   [33mLinkedin[0m,
  [90m   |[0m 
[31m[1m^^^^^^^^^^^[0m
[31m[1m>[0m [90m 9 
|[0m   
[33mArrowUpRight[0m,
  [90m   |[0m [31m[1m^
^^^^^^^^^^^^^^[0m
[31m[1m>[0m [90m10 
|[0m } [36mfrom[0m 
[32m"lucide-react"[0m;
  [90m   |[0m [31m[1m^
^^^^^^^^^^^^^^^^^^^^^[0m
  [90m11 |[0m
  [90m12 |[0m 
[36mconst[0m 
socialLinks = [
  [90m13 |[0m   {

The export Facebook was 
not found in module [proje
ct]/node_modules/lucide-re
act/dist/esm/lucide-react.
js [app-ssr] (ecmascript).
Did you mean to import 
Webhook?
All exports of the module 
are statically known (It 
doesn't have dynamic 
exports). So it's known 
statically that the 
requested export doesn't 
exist.

Import trace:
  Server Component:
    ./src/components/layou
t/Footer.tsx
    ./src/app/[locale]/lay
out.tsx


./src/components/layout/Fo
oter.tsx:4:1
Export Instagram doesn't 
exist in target module
  [90m 2 |[0m
  [90m 3 |[0m 
[36mimport[0m { 
useTranslations } 
[36mfrom[0m 
[32m"next-intl"[0m;
[31m[1m>[0m [90m 4 
|[0m [36mimport[0m {
  [90m   |[0m 
[31m[1m^^^^^^^[0m
[31m[1m>[0m [90m 5 
|[0m   [33mFacebook[0m,
  [90m   |[0m 
[31m[1m^^^^^^^^^^^[0m
[31m[1m>[0m [90m 6 
|[0m   
[33mInstagram[0m,
  [90m   |[0m 
[31m[1m^^^^^^^^^^^^[0m
[31m[1m>[0m [90m 7 
|[0m   [33mTwitter[0m,
  [90m   |[0m 
[31m[1m^^^^^^^^^^[0m
[31m[1m>[0m [90m 8 
|[0m   [33mLinkedin[0m,
  [90m   |[0m 
[31m[1m^^^^^^^^^^^[0m
[31m[1m>[0m [90m 9 
|[0m   
[33mArrowUpRight[0m,
  [90m   |[0m [31m[1m^
^^^^^^^^^^^^^^[0m
[31m[1m>[0m [90m10 
|[0m } [36mfrom[0m 
[32m"lucide-react"[0m;
  [90m   |[0m [31m[1m^
^^^^^^^^^^^^^^^^^^^^^[0m
  [90m11 |[0m
  [90m12 |[0m 
[36mconst[0m 
socialLinks = [
  [90m13 |[0m   {

The export Instagram was 
not found in module [proje
ct]/node_modules/lucide-re
act/dist/esm/lucide-react.
js [app-client] 
(ecmascript).
Did you mean to import 
Star?
All exports of the module 
are statically known (It 
doesn't have dynamic 
exports). So it's known 
statically that the 
requested export doesn't 
exist.

Import trace:
  Server Component:
    ./src/components/layou
t/Footer.tsx
    ./src/app/[locale]/lay
out.tsx


./src/components/layout/Fo
oter.tsx:4:1
Export Instagram doesn't 
exist in target module
  [90m 2 |[0m
  [90m 3 |[0m 
[36mimport[0m { 
useTranslations } 
[36mfrom[0m 
[32m"next-intl"[0m;
[31m[1m>[0m [90m 4 
|[0m [36mimport[0m {
  [90m   |[0m 
[31m[1m^^^^^^^[0m
[31m[1m>[0m [90m 5 
|[0m   [33mFacebook[0m,
  [90m   |[0m 
[31m[1m^^^^^^^^^^^[0m
[31m[1m>[0m [90m 6 
|[0m   
[33mInstagram[0m,
  [90m   |[0m 
[31m[1m^^^^^^^^^^^^[0m
[31m[1m>[0m [90m 7 
|[0m   [33mTwitter[0m,
  [90m   |[0m 
[31m[1m^^^^^^^^^^[0m
[31m[1m>[0m [90m 8 
|[0m   [33mLinkedin[0m,
  [90m   |[0m 
[31m[1m^^^^^^^^^^^[0m
[31m[1m>[0m [90m 9 
|[0m   
[33mArrowUpRight[0m,
  [90m   |[0m [31m[1m^
^^^^^^^^^^^^^^[0m
[31m[1m>[0m [90m10 
|[0m } [36mfrom[0m 
[32m"lucide-react"[0m;
  [90m   |[0m [31m[1m^
^^^^^^^^^^^^^^^^^^^^^[0m
  [90m11 |[0m
  [90m12 |[0m 
[36mconst[0m 
socialLinks = [
  [90m13 |[0m   {

The export Instagram was 
not found in module [proje
ct]/node_modules/lucide-re
act/dist/esm/lucide-react.
js [app-ssr] (ecmascript).
Did you mean to import 
Star?
All exports of the module 
are statically known (It 
doesn't have dynamic 
exports). So it's known 
statically that the 
requested export doesn't 
exist.

Import trace:
  Server Component:
    ./src/components/layou
t/Footer.tsx
    ./src/app/[locale]/lay
out.tsx


./src/components/layout/Fo
oter.tsx:4:1
Export Linkedin doesn't 
exist in target module
  [90m 2 |[0m
  [90m 3 |[0m 
[36mimport[0m { 
useTranslations } 
[36mfrom[0m 
[32m"next-intl"[0m;
[31m[1m>[0m [90m 4 
|[0m [36mimport[0m {
  [90m   |[0m 
[31m[1m^^^^^^^[0m
[31m[1m>[0m [90m 5 
|[0m   [33mFacebook[0m,
  [90m   |[0m 
[31m[1m^^^^^^^^^^^[0m
[31m[1m>[0m [90m 6 
|[0m   
[33mInstagram[0m,
  [90m   |[0m 
[31m[1m^^^^^^^^^^^^[0m
[31m[1m>[0m [90m 7 
|[0m   [33mTwitter[0m,
  [90m   |[0m 
[31m[1m^^^^^^^^^^[0m
[31m[1m>[0m [90m 8 
|[0m   [33mLinkedin[0m,
  [90m   |[0m 
[31m[1m^^^^^^^^^^^[0m
[31m[1m>[0m [90m 9 
|[0m   
[33mArrowUpRight[0m,
  [90m   |[0m [31m[1m^
^^^^^^^^^^^^^^[0m
[31m[1m>[0m [90m10 
|[0m } [36mfrom[0m 
[32m"lucide-react"[0m;
  [90m   |[0m [31m[1m^
^^^^^^^^^^^^^^^^^^^^^[0m
  [90m11 |[0m
  [90m12 |[0m 
[36mconst[0m 
socialLinks = [
  [90m13 |[0m   {

The export Linkedin was 
not found in module [proje
ct]/node_modules/lucide-re
act/dist/esm/lucide-react.
js [app-client] 
(ecmascript).
Did you mean to import 
Link?
All exports of the module 
are statically known (It 
doesn't have dynamic 
exports). So it's known 
statically that the 
requested export doesn't 
exist.

Import trace:
  Server Component:
    ./src/components/layou
t/Footer.tsx
    ./src/app/[locale]/lay
out.tsx


./src/components/layout/Fo
oter.tsx:4:1
Export Linkedin doesn't 
exist in target module
  [90m 2 |[0m
  [90m 3 |[0m 
[36mimport[0m { 
useTranslations } 
[36mfrom[0m 
[32m"next-intl"[0m;
[31m[1m>[0m [90m 4 
|[0m [36mimport[0m {
  [90m   |[0m 
[31m[1m^^^^^^^[0m
[31m[1m>[0m [90m 5 
|[0m   [33mFacebook[0m,
  [90m   |[0m 
[31m[1m^^^^^^^^^^^[0m
[31m[1m>[0m [90m 6 
|[0m   
[33mInstagram[0m,
  [90m   |[0m 
[31m[1m^^^^^^^^^^^^[0m
[31m[1m>[0m [90m 7 
|[0m   [33mTwitter[0m,
  [90m   |[0m 
[31m[1m^^^^^^^^^^[0m
[31m[1m>[0m [90m 8 
|[0m   [33mLinkedin[0m,
  [90m   |[0m 
[31m[1m^^^^^^^^^^^[0m
[31m[1m>[0m [90m 9 
|[0m   
[33mArrowUpRight[0m,
  [90m   |[0m [31m[1m^
^^^^^^^^^^^^^^[0m
[31m[1m>[0m [90m10 
|[0m } [36mfrom[0m 
[32m"lucide-react"[0m;
  [90m   |[0m [31m[1m^
^^^^^^^^^^^^^^^^^^^^^[0m
  [90m11 |[0m
  [90m12 |[0m 
[36mconst[0m 
socialLinks = [
  [90m13 |[0m   {

The export Linkedin was 
not found in module [proje
ct]/node_modules/lucide-re
act/dist/esm/lucide-react.
js [app-ssr] (ecmascript).
Did you mean to import 
Link?
All exports of the module 
are statically known (It 
doesn't have dynamic 
exports). So it's known 
statically that the 
requested export doesn't 
exist.

Import trace:
  Server Component:
    ./src/components/layou
t/Footer.tsx
    ./src/app/[locale]/lay
out.tsx


./src/components/layout/Fo
oter.tsx:4:1
Export Twitter doesn't 
exist in target module
  [90m 2 |[0m
  [90m 3 |[0m 
[36mimport[0m { 
useTranslations } 
[36mfrom[0m 
[32m"next-intl"[0m;
[31m[1m>[0m [90m 4 
|[0m [36mimport[0m {
  [90m   |[0m 
[31m[1m^^^^^^^[0m
[31m[1m>[0m [90m 5 
|[0m   [33mFacebook[0m,
  [90m   |[0m 
[31m[1m^^^^^^^^^^^[0m
[31m[1m>[0m [90m 6 
|[0m   
[33mInstagram[0m,
  [90m   |[0m 
[31m[1m^^^^^^^^^^^^[0m
[31m[1m>[0m [90m 7 
|[0m   [33mTwitter[0m,
  [90m   |[0m 
[31m[1m^^^^^^^^^^[0m
[31m[1m>[0m [90m 8 
|[0m   [33mLinkedin[0m,
  [90m   |[0m 
[31m[1m^^^^^^^^^^^[0m
[31m[1m>[0m [90m 9 
|[0m   
[33mArrowUpRight[0m,
  [90m   |[0m [31m[1m^
^^^^^^^^^^^^^^[0m
[31m[1m>[0m [90m10 
|[0m } [36mfrom[0m 
[32m"lucide-react"[0m;
  [90m   |[0m [31m[1m^
^^^^^^^^^^^^^^^^^^^^^[0m
  [90m11 |[0m
  [90m12 |[0m 
[36mconst[0m 
socialLinks = [
  [90m13 |[0m   {

The export Twitter was 
not found in module [proje
ct]/node_modules/lucide-re
act/dist/esm/lucide-react.
js [app-client] 
(ecmascript).
Did you mean to import 
Timer?
All exports of the module 
are statically known (It 
doesn't have dynamic 
exports). So it's known 
statically that the 
requested export doesn't 
exist.

Import trace:
  Server Component:
    ./src/components/layou
t/Footer.tsx
    ./src/app/[locale]/lay
out.tsx


./src/components/layout/Fo
oter.tsx:4:1
Export Twitter doesn't 
exist in target module
  [90m 2 |[0m
  [90m 3 |[0m 
[36mimport[0m { 
useTranslations } 
[36mfrom[0m 
[32m"next-intl"[0m;
[31m[1m>[0m [90m 4 
|[0m [36mimport[0m {
  [90m   |[0m 
[31m[1m^^^^^^^[0m
[31m[1m>[0m [90m 5 
|[0m   [33mFacebook[0m,
  [90m   |[0m 
[31m[1m^^^^^^^^^^^[0m
[31m[1m>[0m [90m 6 
|[0m   
[33mInstagram[0m,
  [90m   |[0m 
[31m[1m^^^^^^^^^^^^[0m
[31m[1m>[0m [90m 7 
|[0m   [33mTwitter[0m,
  [90m   |[0m 
[31m[1m^^^^^^^^^^[0m
[31m[1m>[0m [90m 8 
|[0m   [33mLinkedin[0m,
  [90m   |[0m 
[31m[1m^^^^^^^^^^^[0m
[31m[1m>[0m [90m 9 
|[0m   
[33mArrowUpRight[0m,
  [90m   |[0m [31m[1m^
^^^^^^^^^^^^^^[0m
[31m[1m>[0m [90m10 
|[0m } [36mfrom[0m 
[32m"lucide-react"[0m;
  [90m   |[0m [31m[1m^
^^^^^^^^^^^^^^^^^^^^^[0m
  [90m11 |[0m
  [90m12 |[0m 
[36mconst[0m 
socialLinks = [
  [90m13 |[0m   {

The export Twitter was 
not found in module [proje
ct]/node_modules/lucide-re
act/dist/esm/lucide-react.
js [app-ssr] (ecmascript).
Did you mean to import 
Timer?
All exports of the module 
are statically known (It 
doesn't have dynamic 
exports). So it's known 
statically that the 
requested export doesn't 
exist.

Import trace:
  Server Component:
    ./src/components/layou
t/Footer.tsx
    ./src/app/[locale]/lay
out.tsx


    at <unknown> (./src/co
mponents/layout/Footer.tsx
:4:1)
    at <unknown> (./src/co
mponents/layout/Footer.tsx
:4:1)
    at <unknown> (./src/co
mponents/layout/Footer.tsx
:4:1)
    at <unknown> (./src/co
mponents/layout/Footer.tsx
:4:1)
    at <unknown> (./src/co
mponents/layout/Footer.tsx
:4:1)
    at <unknown> (./src/co
mponents/layout/Footer.tsx
:4:1)
    at <unknown> (./src/co
mponents/layout/Footer.tsx
:4:1)
    at <unknown> (./src/co
mponents/layout/Footer.tsx
:4:1)
